2026-08-07T23:26:45.877+05:00  INFO 28324 --- [currency-exchange-spring] [main] c.e.c.CurrencyExchangeSpringApplication  : Starting CurrencyExchangeSpringApplication using Java 24.0.1 with PID 28324 (C:\vsc\projects\java\javalearn\currency-exchange-spring\target\classes started by UltraKazah in C:\vsc\projects\java\javalearn\currency-exchange-spring)
2026-08-07T23:26:45.885+05:00 DEBUG 28324 --- [currency-exchange-spring] [main] c.e.c.CurrencyExchangeSpringApplication  : Running with Spring Boot v4.0.6, Spring v7.0.7
2026-08-07T23:26:45.887+05:00  INFO 28324 --- [currency-exchange-spring] [main] c.e.c.CurrencyExchangeSpringApplication  : No active profile set, falling back to 1 default profile: "default"
2026-08-07T23:26:47.105+05:00  INFO 28324 --- [currency-exchange-spring] [main] .s.d.r.c.RepositoryConfigurationDelegate : Bootstrapping Spring Data JPA repositories in DEFAULT mode.
2026-08-07T23:26:47.227+05:00  INFO 28324 --- [currency-exchange-spring] [main] .s.d.r.c.RepositoryConfigurationDelegate : Finished Spring Data repository scanning in 104 ms. Found 2 JPA repository interfaces.
2026-08-07T23:26:48.115+05:00  INFO 28324 --- [currency-exchange-spring] [main] o.s.boot.tomcat.TomcatWebServer          : Tomcat initialized with port 8080 (http)
2026-08-07T23:26:48.132+05:00  INFO 28324 --- [currency-exchange-spring] [main] o.apache.catalina.core.StandardService   : Starting service [Tomcat]
2026-08-07T23:26:48.133+05:00  INFO 28324 --- [currency-exchange-spring] [main] o.apache.catalina.core.StandardEngine    : Starting Servlet engine: [Apache Tomcat/11.0.21]
2026-08-07T23:26:48.209+05:00  INFO 28324 --- [currency-exchange-spring] [main] b.w.c.s.WebApplicationContextInitializer : Root WebApplicationContext: initialization completed in 2188 ms
2026-08-07T23:26:48.578+05:00  INFO 28324 --- [currency-exchange-spring] [main] org.hibernate.orm.jpa                    : HHH008540: Processing PersistenceUnitInfo [name: default]
2026-08-07T23:26:48.674+05:00  INFO 28324 --- [currency-exchange-spring] [main] org.hibernate.orm.core                   : HHH000001: Hibernate ORM core version 7.2.12.Final
2026-08-07T23:26:49.502+05:00  INFO 28324 --- [currency-exchange-spring] [main] o.s.o.j.p.SpringPersistenceUnitInfo      : No LoadTimeWeaver setup: ignoring JPA class transformer
2026-08-07T23:26:49.558+05:00  INFO 28324 --- [currency-exchange-spring] [main] com.zaxxer.hikari.HikariDataSource       : HikariPool-1 - Starting...
2026-08-07T23:26:49.756+05:00  INFO 28324 --- [currency-exchange-spring] [main] com.zaxxer.hikari.pool.HikariPool        : HikariPool-1 - Added connection conn0: url=jdbc:h2:mem:testdb user=SA
2026-08-07T23:26:49.758+05:00  INFO 28324 --- [currency-exchange-spring] [main] com.zaxxer.hikari.HikariDataSource       : HikariPool-1 - Start completed.
2026-08-07T23:26:49.834+05:00  INFO 28324 --- [currency-exchange-spring] [main] org.hibernate.orm.connections.pooling    : HHH10001005: Database info:
	Database JDBC URL [jdbc:h2:mem:testdb]
	Database driver: H2 JDBC Driver
	Database dialect: H2Dialect
	Database version: 2.4.240
	Default catalog/schema: TESTDB/PUBLIC
	Autocommit mode: undefined/unknown
	Isolation level: READ_COMMITTED [default READ_COMMITTED]
	JDBC fetch size: 100
	Pool: DataSourceConnectionProvider
	Minimum pool size: undefined/unknown
	Maximum pool size: undefined/unknown
2026-08-07T23:26:50.732+05:00  INFO 28324 --- [currency-exchange-spring] [main] org.hibernate.orm.core                   : HHH000489: No JTA platform available (set 'hibernate.transaction.jta.platform' to enable JTA platform integration)
2026-08-07T23:26:50.800+05:00  INFO 28324 --- [currency-exchange-spring] [main] j.LocalContainerEntityManagerFactoryBean : Initialized JPA EntityManagerFactory for persistence unit 'default'
2026-08-07T23:26:50.962+05:00  INFO 28324 --- [currency-exchange-spring] [main] o.s.d.j.r.query.QueryEnhancerFactories   : Hibernate is in classpath; If applicable, HQL parser will be used.
2026-08-07T23:26:51.453+05:00  WARN 28324 --- [currency-exchange-spring] [main] JpaBaseConfiguration$JpaWebConfiguration : spring.jpa.open-in-view is enabled by default. Therefore, database queries may be performed during view rendering. Explicitly configure spring.jpa.open-in-view to disable this warning
2026-08-07T23:26:51.953+05:00  INFO 28324 --- [currency-exchange-spring] [main] o.s.boot.tomcat.TomcatWebServer          : Tomcat started on port 8080 (http) with context path '/'
2026-08-07T23:26:51.960+05:00  INFO 28324 --- [currency-exchange-spring] [main] c.e.c.CurrencyExchangeSpringApplication  : Started CurrencyExchangeSpringApplication in 6.823 seconds (process running for 8.289)
2026-08-07T23:27:29.911+05:00  INFO 28324 --- [currency-exchange-spring] [http-nio-8080-exec-2] o.a.c.c.C.[Tomcat].[localhost].[/]       : Initializing Spring DispatcherServlet 'dispatcherServlet'
2026-08-07T23:27:29.912+05:00  INFO 28324 --- [currency-exchange-spring] [http-nio-8080-exec-2] o.s.web.servlet.DispatcherServlet        : Initializing Servlet 'dispatcherServlet'
2026-08-07T23:27:29.913+05:00  INFO 28324 --- [currency-exchange-spring] [http-nio-8080-exec-2] o.s.web.servlet.DispatcherServlet        : Completed initialization in 1 ms
2026-08-07T23:27:30.105+05:00  INFO 28324 --- [currency-exchange-spring] [http-nio-8080-exec-2] c.e.c.aspect.LoggingAspect               : Запрос: CurrenciesController.createCurrency(..)
2026-08-07T23:27:30.656+05:00  INFO 28324 --- [currency-exchange-spring] [http-nio-8080-exec-2] c.e.c.aspect.LoggingAspect               : Ответ (550 мс): CurrenciesController.createCurrency(..)
2026-08-07T23:27:33.431+05:00  INFO 28324 --- [currency-exchange-spring] [http-nio-8080-exec-4] c.e.c.aspect.LoggingAspect               : Запрос: CurrenciesController.createCurrency(..)
2026-08-07T23:27:33.434+05:00  INFO 28324 --- [currency-exchange-spring] [http-nio-8080-exec-4] c.e.c.aspect.LoggingAspect               : Ответ (3 мс): CurrenciesController.createCurrency(..)
2026-08-07T23:27:40.632+05:00  INFO 28324 --- [currency-exchange-spring] [http-nio-8080-exec-5] c.e.c.aspect.LoggingAspect               : Запрос: ExchangeRatesController.createExchangeRate(..)
2026-08-07T23:27:40.700+05:00  INFO 28324 --- [currency-exchange-spring] [http-nio-8080-exec-5] c.e.c.aspect.LoggingAspect               : Ответ (68 мс): ExchangeRatesController.createExchangeRate(..)
2026-08-07T23:27:44.364+05:00  INFO 28324 --- [currency-exchange-spring] [http-nio-8080-exec-3] c.e.c.aspect.LoggingAspect               : Запрос: ExchangeRatesController.getAll()
2026-08-07T23:27:44.388+05:00  INFO 28324 --- [currency-exchange-spring] [http-nio-8080-exec-3] c.e.c.aspect.LoggingAspect               : Ответ (24 мс): ExchangeRatesController.getAll()
2026-08-07T23:30:04.387+05:00  INFO 28324 --- [currency-exchange-spring] [SpringApplicationShutdownHook] o.s.boot.tomcat.GracefulShutdown         : Commencing graceful shutdown. Waiting for active requests to complete
2026-08-07T23:30:04.391+05:00  INFO 28324 --- [currency-exchange-spring] [tomcat-shutdown] o.s.boot.tomcat.GracefulShutdown         : Graceful shutdown complete
2026-08-07T23:30:04.395+05:00  INFO 28324 --- [currency-exchange-spring] [SpringApplicationShutdownHook] j.LocalContainerEntityManagerFactoryBean : Closing JPA EntityManagerFactory for persistence unit 'default'
2026-08-07T23:30:04.397+05:00  INFO 28324 --- [currency-exchange-spring] [SpringApplicationShutdownHook] com.zaxxer.hikari.HikariDataSource       : HikariPool-1 - Shutdown initiated...
2026-08-07T23:30:04.399+05:00  INFO 28324 --- [currency-exchange-spring] [SpringApplicationShutdownHook] com.zaxxer.hikari.HikariDataSource       : HikariPool-1 - Shutdown completed.
2026-08-07T23:30:11.375+05:00  INFO 28900 --- [currency-exchange-spring] [main] c.e.c.CurrencyExchangeSpringApplication  : Starting CurrencyExchangeSpringApplication using Java 24.0.1 with PID 28900 (C:\vsc\projects\java\javalearn\currency-exchange-spring\target\classes started by UltraKazah in C:\vsc\projects\java\javalearn\currency-exchange-spring)
2026-08-07T23:30:11.378+05:00 DEBUG 28900 --- [currency-exchange-spring] [main] c.e.c.CurrencyExchangeSpringApplication  : Running with Spring Boot v4.0.6, Spring v7.0.7
2026-08-07T23:30:11.379+05:00  INFO 28900 --- [currency-exchange-spring] [main] c.e.c.CurrencyExchangeSpringApplication  : No active profile set, falling back to 1 default profile: "default"
2026-08-07T23:30:12.092+05:00  INFO 28900 --- [currency-exchange-spring] [main] .s.d.r.c.RepositoryConfigurationDelegate : Bootstrapping Spring Data JPA repositories in DEFAULT mode.
2026-08-07T23:30:12.163+05:00  INFO 28900 --- [currency-exchange-spring] [main] .s.d.r.c.RepositoryConfigurationDelegate : Finished Spring Data repository scanning in 60 ms. Found 2 JPA repository interfaces.
2026-08-07T23:30:12.810+05:00  INFO 28900 --- [currency-exchange-spring] [main] o.s.boot.tomcat.TomcatWebServer          : Tomcat initialized with port 8080 (http)
2026-08-07T23:30:12.828+05:00  INFO 28900 --- [currency-exchange-spring] [main] o.apache.catalina.core.StandardService   : Starting service [Tomcat]
2026-08-07T23:30:12.829+05:00  INFO 28900 --- [currency-exchange-spring] [main] o.apache.catalina.core.StandardEngine    : Starting Servlet engine: [Apache Tomcat/11.0.21]
2026-08-07T23:30:12.904+05:00  INFO 28900 --- [currency-exchange-spring] [main] b.w.c.s.WebApplicationContextInitializer : Root WebApplicationContext: initialization completed in 1483 ms
2026-08-07T23:30:13.127+05:00  INFO 28900 --- [currency-exchange-spring] [main] org.hibernate.orm.jpa                    : HHH008540: Processing PersistenceUnitInfo [name: default]
2026-08-07T23:30:13.179+05:00  INFO 28900 --- [currency-exchange-spring] [main] org.hibernate.orm.core                   : HHH000001: Hibernate ORM core version 7.2.12.Final
2026-08-07T23:30:13.649+05:00  INFO 28900 --- [currency-exchange-spring] [main] o.s.o.j.p.SpringPersistenceUnitInfo      : No LoadTimeWeaver setup: ignoring JPA class transformer
2026-08-07T23:30:13.677+05:00  INFO 28900 --- [currency-exchange-spring] [main] com.zaxxer.hikari.HikariDataSource       : HikariPool-1 - Starting...
2026-08-07T23:30:13.819+05:00  INFO 28900 --- [currency-exchange-spring] [main] com.zaxxer.hikari.pool.HikariPool        : HikariPool-1 - Added connection conn0: url=jdbc:h2:mem:testdb user=SA
2026-08-07T23:30:13.821+05:00  INFO 28900 --- [currency-exchange-spring] [main] com.zaxxer.hikari.HikariDataSource       : HikariPool-1 - Start completed.
2026-08-07T23:30:13.871+05:00  INFO 28900 --- [currency-exchange-spring] [main] org.hibernate.orm.connections.pooling    : HHH10001005: Database info:
	Database JDBC URL [jdbc:h2:mem:testdb]
	Database driver: H2 JDBC Driver
	Database dialect: H2Dialect
	Database version: 2.4.240
	Default catalog/schema: TESTDB/PUBLIC
	Autocommit mode: undefined/unknown
	Isolation level: READ_COMMITTED [default READ_COMMITTED]
	JDBC fetch size: 100
	Pool: DataSourceConnectionProvider
	Minimum pool size: undefined/unknown
	Maximum pool size: undefined/unknown
2026-08-07T23:30:14.611+05:00  INFO 28900 --- [currency-exchange-spring] [main] org.hibernate.orm.core                   : HHH000489: No JTA platform available (set 'hibernate.transaction.jta.platform' to enable JTA platform integration)
2026-08-07T23:30:14.668+05:00  INFO 28900 --- [currency-exchange-spring] [main] j.LocalContainerEntityManagerFactoryBean : Initialized JPA EntityManagerFactory for persistence unit 'default'
2026-08-07T23:30:14.829+05:00  INFO 28900 --- [currency-exchange-spring] [main] o.s.d.j.r.query.QueryEnhancerFactories   : Hibernate is in classpath; If applicable, HQL parser will be used.
2026-08-07T23:30:15.196+05:00  WARN 28900 --- [currency-exchange-spring] [main] JpaBaseConfiguration$JpaWebConfiguration : spring.jpa.open-in-view is enabled by default. Therefore, database queries may be performed during view rendering. Explicitly configure spring.jpa.open-in-view to disable this warning
2026-08-07T23:30:15.608+05:00  INFO 28900 --- [currency-exchange-spring] [main] o.s.boot.tomcat.TomcatWebServer          : Tomcat started on port 8080 (http) with context path '/'
2026-08-07T23:30:15.613+05:00  INFO 28900 --- [currency-exchange-spring] [main] c.e.c.CurrencyExchangeSpringApplication  : Started CurrencyExchangeSpringApplication in 4.73 seconds (process running for 5.247)
2026-08-07T23:30:22.731+05:00  INFO 28900 --- [currency-exchange-spring] [http-nio-8080-exec-1] o.a.c.c.C.[Tomcat].[localhost].[/]       : Initializing Spring DispatcherServlet 'dispatcherServlet'
2026-08-07T23:30:22.731+05:00  INFO 28900 --- [currency-exchange-spring] [http-nio-8080-exec-1] o.s.web.servlet.DispatcherServlet        : Initializing Servlet 'dispatcherServlet'
2026-08-07T23:30:22.732+05:00  INFO 28900 --- [currency-exchange-spring] [http-nio-8080-exec-1] o.s.web.servlet.DispatcherServlet        : Completed initialization in 1 ms
2026-08-07T23:30:22.882+05:00  INFO 28900 --- [currency-exchange-spring] [http-nio-8080-exec-1] c.e.c.aspect.LoggingAspect               : Запрос: CurrenciesController.createCurrency(..)
2026-08-07T23:30:23.422+05:00  INFO 28900 --- [currency-exchange-spring] [http-nio-8080-exec-1] c.e.c.aspect.LoggingAspect               : Ответ (540 мс): CurrenciesController.createCurrency(..)
2026-08-07T23:30:27.001+05:00  INFO 28900 --- [currency-exchange-spring] [http-nio-8080-exec-3] c.e.c.aspect.LoggingAspect               : Запрос: CurrenciesController.createCurrency(..)
2026-08-07T23:30:27.004+05:00  INFO 28900 --- [currency-exchange-spring] [http-nio-8080-exec-3] c.e.c.aspect.LoggingAspect               : Ответ (3 мс): CurrenciesController.createCurrency(..)
2026-08-07T23:30:30.498+05:00  INFO 28900 --- [currency-exchange-spring] [http-nio-8080-exec-4] c.e.c.aspect.LoggingAspect               : Запрос: ExchangeRatesController.createExchangeRate(..)
2026-08-07T23:30:30.565+05:00  INFO 28900 --- [currency-exchange-spring] [http-nio-8080-exec-4] c.e.c.aspect.LoggingAspect               : Ответ (66 мс): ExchangeRatesController.createExchangeRate(..)
2026-08-07T23:30:33.599+05:00  INFO 28900 --- [currency-exchange-spring] [http-nio-8080-exec-6] c.e.c.aspect.LoggingAspect               : Запрос: ExchangeRatesController.getAll()
2026-08-07T23:30:33.626+05:00  INFO 28900 --- [currency-exchange-spring] [http-nio-8080-exec-6] c.e.c.aspect.LoggingAspect               : Ответ (27 мс): ExchangeRatesController.getAll()
2026-08-07T23:30:35.416+05:00  INFO 28900 --- [currency-exchange-spring] [http-nio-8080-exec-8] c.e.c.aspect.LoggingAspect               : Запрос: ExchangeRatesController.getAll()
2026-08-07T23:30:35.419+05:00  INFO 28900 --- [currency-exchange-spring] [http-nio-8080-exec-8] c.e.c.aspect.LoggingAspect               : Ответ (2 мс): ExchangeRatesController.getAll()
2026-08-07T23:31:18.391+05:00  INFO 28900 --- [currency-exchange-spring] [SpringApplicationShutdownHook] o.s.boot.tomcat.GracefulShutdown         : Commencing graceful shutdown. Waiting for active requests to complete
2026-08-07T23:31:18.396+05:00  INFO 28900 --- [currency-exchange-spring] [tomcat-shutdown] o.s.boot.tomcat.GracefulShutdown         : Graceful shutdown complete
2026-08-07T23:31:18.400+05:00  INFO 28900 --- [currency-exchange-spring] [SpringApplicationShutdownHook] j.LocalContainerEntityManagerFactoryBean : Closing JPA EntityManagerFactory for persistence unit 'default'
2026-08-07T23:31:18.402+05:00  INFO 28900 --- [currency-exchange-spring] [SpringApplicationShutdownHook] com.zaxxer.hikari.HikariDataSource       : HikariPool-1 - Shutdown initiated...
2026-08-07T23:31:18.405+05:00  INFO 28900 --- [currency-exchange-spring] [SpringApplicationShutdownHook] com.zaxxer.hikari.HikariDataSource       : HikariPool-1 - Shutdown completed.
